// Jest Snapshot v1, https://goo.gl/fbAQLP

exports[`<Home/> renders correctly 1`] = `
<div>
  <div>
    Welcome
  </div>
  <div>
    Welcome Again
  </div>
</div>
`;

exports[`<Home/> should render correctly with enzyme 1`] = `
<div>
  <div>
    Welcome
  </div>
  <div>
    Welcome Again
  </div>
</div>
`;

exports[`Home renders correctly 1`] = `
<div>
  <div>
    Welcome
  </div>
  <div>
    Welcome Again
  </div>
</div>
`;

exports[`Home should render correctly with enzyme 1`] = `
<div>
  <div>
    Welcome
  </div>
  <div>
    Welcome Again
  </div>
</div>
`;
